// Jest Snapshot v1, https://goo.gl/fbAQLP

exports[`renders correctly 1`] = `
<View
  style={
    [
      undefined,
      undefined,
      undefined,
      undefined,
      undefined,
      undefined,
      undefined,
      {
        "backfaceVisibility": "hidden",
        "borderStyle": undefined,
        "height": undefined,
        "overflow": null,
        "position": undefined,
      },
    ]
  }
/>
`;
